// Jest Snapshot v1, https://goo.gl/fbAQLP

exports[`<Footer /> renders correctly 1`] = `
<View
  style={
    {
      "alignItems": "center",
      "backgroundColor": "#000000",
      "bottom": 0,
      "gap": 32.14285714285714,
      "height": 274.6470588235294,
      "justifyContent": "center",
      "left": 0,
      "paddingHorizontal": 32.14285714285714,
      "position": "absolute",
      "right": 0,
    }
  }
>
  <Text
    style={
      [
        {
          "color": "#FFFFFF",
          "fontSize": 38.57142857142857,
        },
        {
          "fontSize": 27.857142857142858,
        },
      ]
    }
  >
    © 2020 AtomicLabs. Todos los derechos reservados.
  </Text>
  <Text
    style={
      [
        {
          "color": "#FFFFFF",
          "fontSize": 38.57142857142857,
        },
        [
          {
            "fontSize": 27.857142857142858,
          },
          {
            "textDecorationLine": "underline",
          },
        ],
      ]
    }
  >
    Aviso de privacidad
  </Text>
  <View
    style={
      {
        "alignItems": "center",
        "flexDirection": "row",
        "gap": 32.14285714285714,
      }
    }
  >
    <View
      accessibilityState={
        {
          "busy": undefined,
          "checked": undefined,
          "disabled": undefined,
          "expanded": undefined,
          "selected": undefined,
        }
      }
      accessibilityValue={
        {
          "max": undefined,
          "min": undefined,
          "now": undefined,
          "text": undefined,
        }
      }
      accessible={true}
      collapsable={false}
      focusable={true}
      hitSlop={21.428571428571427}
      onClick={[Function]}
      onResponderGrant={[Function]}
      onResponderMove={[Function]}
      onResponderRelease={[Function]}
      onResponderTerminate={[Function]}
      onResponderTerminationRequest={[Function]}
      onStartShouldSetResponder={[Function]}
      style={
        {
          "opacity": 1,
        }
      }
    >
      <Text
        allowFontScaling={false}
        selectable={false}
        style={
          [
            {
              "color": "#FFFFFF",
              "fontSize": 47.08235294117647,
            },
            undefined,
            {
              "fontFamily": "FontAwesome",
              "fontStyle": "normal",
              "fontWeight": "normal",
            },
            {},
          ]
        }
      >
        
      </Text>
    </View>
    <View
      accessibilityState={
        {
          "busy": undefined,
          "checked": undefined,
          "disabled": undefined,
          "expanded": undefined,
          "selected": undefined,
        }
      }
      accessibilityValue={
        {
          "max": undefined,
          "min": undefined,
          "now": undefined,
          "text": undefined,
        }
      }
      accessible={true}
      collapsable={false}
      focusable={true}
      hitSlop={21.428571428571427}
      onClick={[Function]}
      onResponderGrant={[Function]}
      onResponderMove={[Function]}
      onResponderRelease={[Function]}
      onResponderTerminate={[Function]}
      onResponderTerminationRequest={[Function]}
      onStartShouldSetResponder={[Function]}
      style={
        {
          "opacity": 1,
        }
      }
    >
      <Text
        allowFontScaling={false}
        selectable={false}
        style={
          [
            {
              "color": "#FFFFFF",
              "fontSize": 47.08235294117647,
            },
            undefined,
            {
              "fontFamily": "FontAwesome",
              "fontStyle": "normal",
              "fontWeight": "normal",
            },
            {},
          ]
        }
      >
        
      </Text>
    </View>
  </View>
</View>
`;
